// Jest Snapshot v1, https://goo.gl/fbAQLP

exports[`ZwoParser import simple file 1`] = `
Workout {
  "_hash": "a18b5204c038e96616a9ac61705178cb",
  "cadence": undefined,
  "category": undefined,
  "cooldown": false,
  "description": undefined,
  "duration": 4440,
  "end": 4440,
  "hrm": undefined,
  "id": "a18b5204c038e96616a9ac61705178cb",
  "name": "Test",
  "power": undefined,
  "repeat": 1,
  "start": 0,
  "steady": true,
  "steps": [
    Step {
      "cadence": undefined,
      "cooldown": false,
      "duration": 300,
      "end": 300,
      "hrm": undefined,
      "power": {
        "max": 50,
        "min": 50,
        "type": "pct of FTP",
      },
      "start": 0,
      "steady": true,
      "text": "",
      "type": "step",
      "work": true,
    },
    Step {
      "cadence": undefined,
      "cooldown": false,
      "duration": 300,
      "end": 600,
      "hrm": undefined,
      "power": {
        "max": 65,
        "min": 65,
        "type": "pct of FTP",
      },
      "start": 300,
      "steady": true,
      "text": "",
      "type": "step",
      "work": true,
    },
    Step {
      "cadence": undefined,
      "cooldown": false,
      "duration": 300,
      "end": 900,
      "hrm": undefined,
      "power": {
        "max": 80,
        "min": 80,
        "type": "pct of FTP",
      },
      "start": 600,
      "steady": true,
      "text": "",
      "type": "step",
      "work": true,
    },
    Step {
      "cadence": undefined,
      "cooldown": false,
      "duration": 600,
      "end": 1500,
      "hrm": undefined,
      "power": {
        "max": 75,
        "min": 25,
        "type": "pct of FTP",
      },
      "start": 900,
      "steady": false,
      "text": "",
      "type": "step",
      "work": true,
    },
    Step {
      "cadence": undefined,
      "cooldown": true,
      "duration": 600,
      "end": 2100,
      "hrm": undefined,
      "power": {
        "max": 75,
        "min": 25,
        "type": "pct of FTP",
      },
      "start": 1500,
      "steady": false,
      "text": "",
      "type": "step",
      "work": true,
    },
    Step {
      "cadence": undefined,
      "cooldown": false,
      "duration": 300,
      "end": 2400,
      "hrm": undefined,
      "power": {
        "max": 95,
        "min": 95,
        "type": "pct of FTP",
      },
      "start": 2100,
      "steady": true,
      "text": "",
      "type": "step",
      "work": true,
    },
    Step {
      "cadence": undefined,
      "cooldown": false,
      "duration": 300,
      "end": 2700,
      "hrm": undefined,
      "power": {
        "max": 110.00000000000001,
        "min": 110.00000000000001,
        "type": "pct of FTP",
      },
      "start": 2400,
      "steady": true,
      "text": "",
      "type": "step",
      "work": true,
    },
    Step {
      "cadence": undefined,
      "cooldown": false,
      "duration": 60,
      "end": 2760,
      "hrm": undefined,
      "power": {
        "max": 125,
        "min": 125,
        "type": "pct of FTP",
      },
      "start": 2700,
      "steady": true,
      "text": "",
      "type": "step",
      "work": true,
    },
    Step {
      "cadence": undefined,
      "cooldown": false,
      "duration": 600,
      "end": 3360,
      "hrm": undefined,
      "power": undefined,
      "start": 2760,
      "steady": true,
      "text": "",
      "type": "step",
      "work": false,
    },
    Segment {
      "cadence": undefined,
      "cooldown": false,
      "duration": 1080,
      "end": 4440,
      "hrm": undefined,
      "power": undefined,
      "repeat": 3,
      "start": 3360,
      "steady": true,
      "steps": [
        Step {
          "cadence": undefined,
          "cooldown": false,
          "duration": 60,
          "end": 3420,
          "hrm": undefined,
          "power": {
            "max": 75,
            "min": 75,
            "type": "pct of FTP",
          },
          "start": 3360,
          "steady": true,
          "text": "",
          "type": "step",
          "work": true,
        },
        Step {
          "cadence": undefined,
          "cooldown": false,
          "duration": 300,
          "end": 3720,
          "hrm": undefined,
          "power": {
            "max": 50,
            "min": 50,
            "type": "pct of FTP",
          },
          "start": 3420,
          "steady": true,
          "text": "",
          "type": "step",
          "work": false,
        },
      ],
      "text": "",
      "type": "segment",
      "work": false,
    },
  ],
  "text": "",
  "type": "workout",
  "work": false,
}
`;
